{"homeProductCards":[{"description":[{"_key":"m6pe31mqg","_type":"block","children":[{"_key":"dd516d09b1b0","_type":"span","marks":[],"text":"Pricing is the most complex, yet effective lever for revenue and value generation"}],"markDefs":[],"style":"normal"}],"href":"/products/fx-pricing","icon":"ð¹","name":"A Financial Reality","order":0},{"description":[{"_key":"2g9dyv3d7","_type":"block","children":[{"_key":"a67818f4653c","_type":"span","marks":[],"text":"Optimize and manage the relationship between customer value, cost and competition"}],"markDefs":[],"style":"normal"}],"href":"/products/your-market-usp","icon":"ð§¬","name":"Your Market USP","order":1},{"description":[{"_key":"6fwniehlp","_type":"block","children":[{"_key":"585a3708ddca","_type":"span","marks":[],"text":"Recognize and reward customers for their business by using personalized pricing and offerings."}],"markDefs":[],"style":"normal"}],"href":"/products/tailored-value","icon":"ð","name":"Tailored Value","order":1},{"description":[{"_key":"b2gex8vmh","_type":"block","children":[{"_key":"cptc0PvA8gpHazoy2gzIiI","_type":"span","marks":[],"text":"Customers appreciate a strong value proposition - in turn driving recurring revenue"}],"markDefs":[],"style":"normal"}],"href":"/products/repeat-business","icon":"ð","name":"Repeat Business","order":3}],"whyChooseUs":[{"clickable":false,"description":[{"_key":"mrceois0s","_type":"block","children":[{"_type":"span","marks":[],"text":"A single platform that can be configured to meet your business' needs ensures flexibility and the ability to respond quickly to change"}],"markDefs":[],"style":"normal"}],"href":null,"icon":"ð","order":2,"title":"Global Platform, Local Requirements"},{"clickable":false,"description":[{"_key":"uigpx7wiu","_type":"block","children":[{"_type":"span","marks":[],"text":"Our core team has been delivering pricing solutions to global businesses since 2014 and brings with it deep understanding"}],"markDefs":[],"style":"normal"}],"href":null,"icon":"ð","order":3,"title":"Expert Foundation"}],"products":[{"cta":null,"description":[{"_key":"gmr5x99k1","_type":"block","children":[{"_type":"span","marks":[],"text":"Whether starting from scratch or going for sophistication - all pricing needs active management and this is where you can rely on our expertise"}],"markDefs":[],"style":"normal"}],"features":["Real-time rate updates","Multi-currency support","Customizable pricing rules","Historical data analysis","Risk management tools","24 x7"],"href":"/products/fx-pricing","icon":null,"id":"fx-pricing","name":"Price Management Solutions","order":0,"shortDescription":[{"_key":"uruz2fv9p","_type":"block","children":[{"_type":"span","marks":[],"text":"Real-time currency pricing and market intelligence"}],"markDefs":[],"style":"normal"}]},{"cta":null,"description":[{"_key":"hove39m4m","_type":"block","children":[{"_type":"span","marks":[],"text":"Comprehensive loyalty platform designed to increase customer retention and lifetime value through intelligent rewards."}],"markDefs":[],"style":"normal"}],"features":["Flexible reward structures","Tiered membership levels","Real-time point tracking","Gamification elements","Analytics dashboard"],"href":"/products/loyalty","icon":null,"id":{"_type":"slug","current":"rewards-and-loyalty"},"name":"Rewards and Loyalty","order":1,"shortDescription":[{"_key":"rgyb9nm7d","_type":"block","children":[{"_type":"span","marks":[],"text":"Customer loyalty and rewards programs"}],"markDefs":[],"style":"normal"}]},{"cta":null,"description":[{"_key":"zsekw7r33","_type":"block","children":[{"_type":"span","marks":[],"text":"Create, manage, and optimize promotional campaigns with advanced targeting, segmentation, and performance analytics."}],"markDefs":[],"style":"normal"}],"features":["Campaign builder","Advanced segmentation","A/B testing capabilities","Real-time performance metrics","Multi-channel integration"],"href":"/products/offers-campaigns","icon":null,"id":"offers-campaigns","name":"Offers & Campaigns","order":2,"shortDescription":[{"_key":"gxrrh3y4t","_type":"block","children":[{"_type":"span","marks":[],"text":"Dynamic promotional campaign management"}],"markDefs":[],"style":"normal"}]},{"cta":null,"description":null,"features":null,"href":"/products/","icon":"ð¦","id":{"_type":"slug","current":"market-usp"},"name":"Market USP","order":null,"shortDescription":[{"_key":"ogtsw4l7f","_type":"block","children":[{"_type":"span","marks":[],"text":"Drill down on market USP, needs content"}],"markDefs":[],"style":"normal"}]},{"cta":null,"description":[{"_key":"adijw5ooi","_type":"block","children":[{"_type":"span","marks":[],"text":"Needs some contentNeeds some contentNeeds some contentNeeds some contentvvNeeds some contentvvvNeeds some contentNeeds some contentNeeds some contentNeeds some contentvNeeds some content"}],"markDefs":[],"style":"normal"}],"features":null,"href":"/products/","icon":"ð¦","id":{"_type":"slug","current":"repeat-business"},"name":"Repeat BusinesS","order":null,"shortDescription":[{"_key":"gu19kpgwj","_type":"block","children":[{"_type":"span","marks":[],"text":"Needs some content"}],"markDefs":[],"style":"normal"}]},{"cta":null,"description":[{"_key":"lbxg1b20y","_type":"block","children":[{"_type":"span","marks":[],"text":"Drill down information about Financial Reality"}],"markDefs":[],"style":"normal"}],"features":null,"href":null,"icon":null,"id":{"_type":"slug","current":"a-financial-reality"},"name":"A Financial Reality","order":null,"shortDescription":null},{"cta":null,"description":null,"features":null,"href":"/products/","icon":"ð¦","id":{"_type":"slug","current":"tailored-value"},"name":"Tailored Value","order":null,"shortDescription":[{"_key":"ol45335t3","_type":"block","children":[{"_type":"span","marks":[],"text":"Needs the content"}],"markDefs":[],"style":"normal"}]}],"solutions":[{"benefits":null,"description":[{"_key":"naht3nxbx","_type":"block","children":[{"_type":"span","marks":[],"text":"Identify valuable customers or groups, engage directly and grow your business"}],"markDefs":[],"style":"normal"}],"href":"/solution-features/loyalty-rewards","icon":"ð ï¸","id":"/solution-features/loyalty-rewards","name":"Loyalty & Rewards","order":0},{"benefits":["Scalable infrastructure","Automatic backups","Security & compliance","Real-time database","Reduced operational costs"],"description":[{"_key":"3l4gvthhl","_type":"block","children":[{"_key":"08036229da51","_type":"span","marks":[],"text":"Visualize your business, harvest insights and capture opportunities that translate directly into strategies"}],"markDefs":[],"style":"normal"}],"href":"\t/solution-features/data-insights","icon":"ð ï¸","id":"data-insights","name":"Data Insights & Visualization ","order":1},{"benefits":["RESTful & GraphQL APIs","Comprehensive documentation","Rate limiting & throttling","Webhook support","SDK availability"],"description":[{"_key":"20pxbh4gm","_type":"block","children":[{"_key":"cptc0PvA8gpHazoy2fis4q","_type":"span","marks":[],"text":"Product-specific, size, sales channel or timing-based - just some of the dimensions available to price"}],"markDefs":[],"style":"normal"}],"href":"\t/solution-features/pricing-features-2","icon":"ð","id":"core-pricing-2","name":"HIgh Level Pricing Features","order":3},{"benefits":null,"description":[{"_key":"x4qu5lmbm","_type":"block","children":[{"_key":"n1R3vnrXP7D7ze4juVFSrn","_type":"span","marks":[],"text":"Your data security is central to us - our solution approach ensures its integrity"}],"markDefs":[],"style":"normal"}],"href":"\t/solution-features/data-security","icon":"ð¡ï¸","id":"\tdata-security","name":"Data Security","order":4}],"useCases":[{"benefits":null,"description":[{"_key":"szaspkmcc","_type":"block","children":[{"_type":"span","marks":[],"text":"Provide value-add services to your financial partners and end-users"}],"markDefs":[],"style":"normal"}],"href":"/use-cases/baas ","icon":"ð¼","id":"use-case-1","name":"Banking as a Service","order":0},{"benefits":null,"description":[{"_key":"izk9g28dl","_type":"block","children":[{"_type":"span","marks":[],"text":"Personalize customer experiences directly through a range of end-user specific offerings"}],"markDefs":[],"style":"normal"}],"href":"/use-cases/fintech-services","icon":"ð¯","id":"use-case-2","name":"Fintech Services","order":1},{"benefits":null,"description":[{"_key":"2r55la52c","_type":"block","children":[{"_type":"span","marks":[],"text":"Engage and incentivize digital payment - reduce risk, missed payments and lost revenue"}],"markDefs":[],"style":"normal"}],"href":"/use-cases/billing-providers","icon":"ð","id":"use-case-3","name":"Billing Providers","order":2},{"benefits":null,"description":[{"_key":"qhobuhph5","_type":"block","children":[{"_type":"span","marks":[],"text":"Consolidate price and incentive offerings from multiple service providers through a single solution"}],"markDefs":[],"style":"normal"}],"href":"/use-cases/mobility-as-a-service","icon":"â¡","id":"use-case-4","name":"Mobility as a Service","order":3},{"benefits":null,"description":[{"_key":"024l1oo8g","_type":"block","children":[{"_type":"span","marks":[],"text":"Combine flexible time-based and stored value pricing with 3rd party rewards and other value incentives"}],"markDefs":[],"style":"normal"}],"href":"/use-cases/leisure-activity-pricing","icon":"ð","id":"use-case-5","name":"Leisure Activity Pricing","order":4},{"benefits":null,"description":[{"_key":"axylgazsh","_type":"block","children":[{"_type":"span","marks":[],"text":"Integrate pricing and rewards with leading 3rd parties - elevating your brand and customer value"}],"markDefs":[],"style":"normal"}],"href":"use-cases/third-party-rewards","icon":"ð¡","id":"use-case-6","name":"3rd Party Rewards","order":5}],"consultancy":[{"benefits":null,"description":[{"_key":"2e4oyz9tk","_type":"block","children":[{"_type":"span","marks":[],"text":"Let us work with you to understand more about your core business to identify where value can be unlocked"}],"markDefs":[],"style":"normal"}],"href":null,"icon":"ð","id":"consultancy-1","name":"Insight Discovery","order":0},{"benefits":null,"description":[{"_key":"rsbox8303","_type":"block","children":[{"_type":"span","marks":[],"text":"By reviewing current processes, let us help identify efficiencies and financial opportunities"}],"markDefs":[],"style":"normal"}],"href":null,"icon":"ð","id":"consultancy-2","name":"Workflow & Data Analysis ","order":1},{"benefits":null,"description":[{"_key":"m8enmwar5","_type":"block","children":[{"_type":"span","marks":[],"text":"By analyzing your current price structures, we can define optimal baseline or advanced pricing strategies"}],"markDefs":[],"style":"normal"}],"href":null,"icon":"ð¼","id":"consultancy-3","name":"Price Book Review","order":2},{"benefits":null,"description":[{"_key":"f00ddxcfb","_type":"block","children":[{"_type":"span","marks":[],"text":"Understand your customer and add value by creating rich segmentation and personalization strategies"}],"markDefs":[],"style":"normal"}],"href":null,"icon":"ð","id":"consultancy-4","name":"Customer Segmentation","order":3}],"pricingManagement":[{"benefits":null,"description":[{"_key":"3bk22krig","_type":"block","children":[{"_type":"span","marks":[],"text":"High volumes, trend identification, dynamic pricing ? Track and react will support your needs "}],"markDefs":[],"style":"normal"}],"href":null,"icon":"ð°","id":"pricing-mgmt-1","name":"Automated Support ","order":0},{"benefits":null,"description":[{"_key":"4wht1d3p4","_type":"block","children":[{"_type":"span","marks":[],"text":"Internal or external regulation, segmentation or strategy rules - once set, our solution ensures adherence"}],"markDefs":[],"style":"normal"}],"href":null,"icon":"ð","id":"pricing-mgmt-2","name":"Classical Rules","order":1},{"benefits":null,"description":[{"_key":"lb2hknqf1","_type":"block","children":[{"_type":"span","marks":[],"text":"Expert consultancy to monitor and manage day to day functions - removing operations complexity either as a bootstrap or longer term approach "}],"markDefs":[],"style":"normal"}],"href":null,"icon":"ð³","id":"pricing-mgmt-3","name":"Operations Specialists","order":2},{"benefits":null,"description":[{"_key":"6fibit8pl","_type":"block","children":[{"_type":"span","marks":[],"text":"Flexible training through to 24x7 support - we are here to support your needs"}],"markDefs":[],"style":"normal"}],"href":null,"icon":"âï¸","id":"pricing-mgmt-4","name":"On-call Support","order":3}],"homeCopy":{"heroTitle":"Adaptive Optix","heroSubheading":"Empower your organization with data-driven pricing insights","productsHeading":"The power of pricing","solutionsHeading":"Solutions","solutionsSubheading":"Comprehensive approaches to modernize your financial operations","whyHeading":"Why Adaptive Optix","whySubheading":"Proven expertise built on years of successful eMobility implementation","ctaHeading":"Ready to Transform Your Operations?","ctaSubheading":"Connect with our team to discuss how Adaptive Optix can support your business goals.","ctaButtonLabel":"Schedule a Demo"},"source":"local-config","error":"Sanity fetch failed"}
